\BOOKMARK [0][-]{chapter*.1}{\376\377\000A\000b\000s\000t\000r\000a\000c\000t}{}% 1
\BOOKMARK [0][-]{chapter*.2}{\376\377\000A\000c\000k\000n\000o\000w\000l\000e\000d\000g\000e\000m\000e\000n\000t\000s}{}% 2
\BOOKMARK [0][-]{section*.4}{\376\377\000L\000i\000s\000t\000\040\000o\000f\000\040\000F\000i\000g\000u\000r\000e\000s}{}% 3
\BOOKMARK [0][-]{section*.6}{\376\377\000L\000i\000s\000t\000\040\000o\000f\000\040\000T\000a\000b\000l\000e\000s}{}% 4
\BOOKMARK [0][-]{section*.8}{\376\377\000L\000i\000s\000t\000\040\000o\000f\000\040\000A\000b\000b\000r\000e\000v\000i\000a\000t\000i\000o\000n\000s}{}% 5
\BOOKMARK [0][-]{chapter.1}{\376\377\000I\000n\000t\000r\000o\000d\000u\000c\000t\000i\000o\000n}{}% 6
\BOOKMARK [1][-]{section.1.1}{\376\377\000L\000a\000n\000g\000u\000a\000g\000e\000-\000G\000u\000i\000d\000e\000d\000\040\000R\000o\000b\000o\000t\000\040\000I\000n\000t\000e\000r\000a\000c\000t\000i\000o\000n\000\040\000a\000n\000d\000\040\000E\000x\000e\000c\000u\000t\000i\000o\000n}{chapter.1}% 7
\BOOKMARK [1][-]{section.1.2}{\376\377\000P\000r\000o\000b\000l\000e\000m\000\040\000S\000t\000a\000t\000e\000m\000e\000n\000t}{chapter.1}% 8
\BOOKMARK [1][-]{section.1.3}{\376\377\000R\000e\000s\000e\000a\000r\000c\000h\000\040\000Q\000u\000e\000s\000t\000i\000o\000n\000s}{chapter.1}% 9
\BOOKMARK [1][-]{section.1.4}{\376\377\000O\000b\000j\000e\000c\000t\000i\000v\000e\000s}{chapter.1}% 10
\BOOKMARK [1][-]{section.1.5}{\376\377\000D\000o\000c\000u\000m\000e\000n\000t\000\040\000S\000t\000r\000u\000c\000t\000u\000r\000e}{chapter.1}% 11
\BOOKMARK [0][-]{chapter.2}{\376\377\000B\000a\000c\000k\000g\000r\000o\000u\000n\000d\000\040\000a\000n\000d\000\040\000L\000i\000t\000e\000r\000a\000t\000u\000r\000e\000\040\000R\000e\000v\000i\000e\000w}{}% 12
\BOOKMARK [1][-]{section.2.1}{\376\377\000H\000u\000m\000a\000n\000-\000R\000o\000b\000o\000t\000\040\000I\000n\000t\000e\000r\000a\000c\000t\000i\000o\000n}{chapter.2}% 13
\BOOKMARK [1][-]{section.2.2}{\376\377\000R\000O\000S\000\040\0002\000\040\000f\000o\000r\000\040\000D\000i\000s\000t\000r\000i\000b\000u\000t\000e\000d\000\040\000R\000o\000b\000o\000t\000\040\000S\000o\000f\000t\000w\000a\000r\000e}{chapter.2}% 14
\BOOKMARK [1][-]{section.2.3}{\376\377\000R\000e\000u\000s\000a\000b\000l\000e\000\040\000H\000R\000I\000\040\000R\000e\000p\000r\000e\000s\000e\000n\000t\000a\000t\000i\000o\000n\000s\000\040\000a\000n\000d\000\040\000I\000n\000t\000e\000r\000f\000a\000c\000e\000s}{chapter.2}% 15
\BOOKMARK [1][-]{section.2.4}{\376\377\000T\000h\000e\000\040\000N\000A\000O\000\040\000R\000o\000b\000o\000t\000\040\000P\000l\000a\000t\000f\000o\000r\000m}{chapter.2}% 16
\BOOKMARK [1][-]{section.2.5}{\376\377\000L\000L\000M\000s\000\040\000a\000s\000\040\000H\000i\000g\000h\000-\000L\000e\000v\000e\000l\000\040\000P\000l\000a\000n\000n\000e\000r\000s}{chapter.2}% 17
\BOOKMARK [1][-]{section.2.6}{\376\377\000E\000m\000b\000o\000d\000i\000e\000d\000\040\000M\000u\000l\000t\000i\000m\000o\000d\000a\000l\000\040\000M\000o\000d\000e\000l\000s\000,\000\040\000V\000L\000M\000s\000,\000\040\000a\000n\000d\000\040\000V\000L\000A\000s}{chapter.2}% 18
\BOOKMARK [1][-]{section.2.7}{\376\377\000S\000y\000m\000b\000o\000l\000i\000c\000\040\000S\000t\000a\000t\000e\000\040\000a\000n\000d\000\040\000K\000n\000o\000w\000l\000e\000d\000g\000e\000\040\000B\000a\000s\000e\000s}{chapter.2}% 19
\BOOKMARK [1][-]{section.2.8}{\376\377\000E\000x\000e\000c\000u\000t\000i\000o\000n\000\040\000M\000o\000n\000i\000t\000o\000r\000i\000n\000g\000,\000\040\000R\000e\000p\000l\000a\000n\000n\000i\000n\000g\000,\000\040\000a\000n\000d\000\040\000C\000l\000a\000r\000i\000f\000i\000c\000a\000t\000i\000o\000n}{chapter.2}% 20
\BOOKMARK [1][-]{section.2.9}{\376\377\000L\000i\000t\000e\000r\000a\000t\000u\000r\000e\000\040\000G\000a\000p}{chapter.2}% 21
\BOOKMARK [0][-]{chapter.3}{\376\377\000S\000y\000s\000t\000e\000m\000\040\000D\000e\000s\000i\000g\000n}{}% 22
\BOOKMARK [1][-]{section.3.1}{\376\377\000F\000u\000n\000c\000t\000i\000o\000n\000a\000l\000\040\000R\000e\000q\000u\000i\000r\000e\000m\000e\000n\000t\000s}{chapter.3}% 23
\BOOKMARK [1][-]{section.3.2}{\376\377\000D\000e\000s\000i\000g\000n\000\040\000P\000r\000i\000n\000c\000i\000p\000l\000e\000s}{chapter.3}% 24
\BOOKMARK [1][-]{section.3.3}{\376\377\000H\000i\000g\000h\000-\000L\000e\000v\000e\000l\000\040\000A\000r\000c\000h\000i\000t\000e\000c\000t\000u\000r\000e}{chapter.3}% 25
\BOOKMARK [1][-]{section.3.4}{\376\377\000R\000u\000n\000t\000i\000m\000e\000\040\000F\000l\000o\000w}{chapter.3}% 26
\BOOKMARK [0][-]{chapter.4}{\376\377\000I\000m\000p\000l\000e\000m\000e\000n\000t\000a\000t\000i\000o\000n}{}% 27
\BOOKMARK [1][-]{section.4.1}{\376\377\000R\000u\000n\000t\000i\000m\000e\000\040\000I\000n\000t\000e\000r\000f\000a\000c\000e\000s\000\040\000a\000n\000d\000\040\000D\000a\000t\000a\000\040\000C\000o\000n\000t\000r\000a\000c\000t\000s}{chapter.4}% 28
\BOOKMARK [2][-]{subsection.4.1.1}{\376\377\000R\000u\000n\000t\000i\000m\000e\000\040\000C\000o\000n\000t\000r\000a\000c\000t\000\040\000O\000v\000e\000r\000v\000i\000e\000w}{section.4.1}% 29
\BOOKMARK [2][-]{subsection.4.1.2}{\376\377\000C\000o\000n\000t\000r\000a\000c\000t\000\040\0001\000:\000\040\000C\000h\000a\000t\000b\000o\000t\000\040\000T\000u\000r\000n\000\040\000O\000u\000t\000p\000u\000t}{section.4.1}% 30
\BOOKMARK [2][-]{subsection.4.1.3}{\376\377\000C\000o\000n\000t\000r\000a\000c\000t\000\040\0002\000:\000\040\000P\000l\000a\000n\000n\000e\000r\000\040\000R\000e\000q\000u\000e\000s\000t}{section.4.1}% 31
\BOOKMARK [2][-]{subsection.4.1.4}{\376\377\000C\000o\000n\000t\000r\000a\000c\000t\000\040\0003\000:\000\040\000G\000r\000o\000u\000n\000d\000e\000d\000\040\000C\000o\000n\000t\000e\000x\000t}{section.4.1}% 32
\BOOKMARK [2][-]{subsection.4.1.5}{\376\377\000C\000o\000n\000t\000r\000a\000c\000t\000\040\0004\000:\000\040\000S\000h\000a\000r\000e\000d\000\040\000S\000k\000i\000l\000l\000\040\000E\000n\000t\000r\000y}{section.4.1}% 33
\BOOKMARK [2][-]{subsection.4.1.6}{\376\377\000C\000o\000n\000t\000r\000a\000c\000t\000\040\0005\000:\000\040\000P\000l\000a\000n\000n\000e\000r\000\040\000O\000u\000t\000p\000u\000t}{section.4.1}% 34
\BOOKMARK [2][-]{subsection.4.1.7}{\376\377\000C\000o\000n\000t\000r\000a\000c\000t\000\040\0006\000:\000\040\000S\000k\000i\000l\000l\000\040\000E\000x\000e\000c\000u\000t\000i\000o\000n\000\040\000R\000e\000s\000u\000l\000t}{section.4.1}% 35
\BOOKMARK [2][-]{subsection.4.1.8}{\376\377\000C\000o\000n\000t\000r\000a\000c\000t\000\040\0007\000:\000\040\000E\000x\000e\000c\000u\000t\000i\000o\000n\000\040\000F\000e\000e\000d\000b\000a\000c\000k}{section.4.1}% 36
\BOOKMARK [2][-]{subsection.4.1.9}{\376\377\000C\000o\000n\000t\000r\000a\000c\000t\000\040\0008\000:\000\040\000P\000l\000a\000n\000n\000e\000r\000\040\000D\000i\000a\000l\000o\000g\000u\000e\000\040\000A\000c\000t}{section.4.1}% 37
\BOOKMARK [2][-]{subsection.4.1.10}{\376\377\000C\000o\000n\000t\000r\000a\000c\000t\000\040\0009\000:\000\040\000R\000D\000F\000\040\000K\000n\000o\000w\000l\000e\000d\000g\000e\000\040\000S\000t\000a\000t\000e}{section.4.1}% 38
\BOOKMARK [1][-]{section.4.2}{\376\377\000R\000O\000S\000\040\000C\000o\000m\000p\000o\000n\000e\000n\000t\000s}{chapter.4}% 39
\BOOKMARK [2][-]{subsection.4.2.1}{\376\377\000d\000i\000a\000l\000o\000g\000u\000e\000_\000m\000a\000n\000a\000g\000e\000r}{section.4.2}% 40
\BOOKMARK [2][-]{subsection.4.2.2}{\376\377\000c\000h\000a\000t\000b\000o\000t\000_\000l\000l\000m}{section.4.2}% 41
\BOOKMARK [2][-]{subsection.4.2.3}{\376\377\000p\000l\000a\000n\000n\000e\000r\000_\000l\000l\000m}{section.4.2}% 42
\BOOKMARK [2][-]{subsection.4.2.4}{\376\377\000G\000o\000a\000l\000-\000K\000e\000y\000e\000d\000\040\000P\000l\000a\000n\000n\000i\000n\000g\000-\000S\000t\000a\000t\000e\000\040\000H\000e\000l\000p\000e\000r}{section.4.2}% 43
\BOOKMARK [2][-]{subsection.4.2.5}{\376\377\000S\000k\000i\000l\000l\000\040\000R\000e\000g\000i\000s\000t\000r\000y\000\040\000\050\000s\000k\000i\000l\000l\000_\000c\000o\000m\000m\000o\000n\000\051}{section.4.2}% 44
\BOOKMARK [2][-]{subsection.4.2.6}{\376\377\000n\000a\000o\000_\000o\000r\000c\000h\000e\000s\000t\000r\000a\000t\000o\000r\000\040\000a\000n\000d\000\040\000P\000l\000a\000n\000\040\000E\000x\000e\000c\000u\000t\000i\000o\000n}{section.4.2}% 45
\BOOKMARK [1][-]{section.4.3}{\376\377\000W\000o\000r\000l\000d\000\040\000S\000t\000a\000t\000e\000\040\000a\000n\000d\000\040\000S\000c\000e\000n\000e\000\040\000G\000r\000o\000u\000n\000d\000i\000n\000g}{chapter.4}% 46
\BOOKMARK [1][-]{section.4.4}{\376\377\000S\000k\000i\000l\000l\000\040\000A\000d\000a\000p\000t\000e\000r\000s\000\040\000a\000n\000d\000\040\000C\000o\000n\000t\000r\000o\000l\000l\000e\000d\000\040\000S\000i\000m\000u\000l\000a\000t\000i\000o\000n}{chapter.4}% 47
\BOOKMARK [1][-]{section.4.5}{\376\377\000M\000o\000d\000e\000l\000s\000\040\000a\000n\000d\000\040\000R\000u\000n\000t\000i\000m\000e\000\040\000C\000o\000n\000f\000i\000g\000u\000r\000a\000t\000i\000o\000n}{chapter.4}% 48
\BOOKMARK [0][-]{chapter.5}{\376\377\000V\000a\000l\000i\000d\000a\000t\000i\000o\000n\000\040\000M\000e\000t\000h\000o\000d\000o\000l\000o\000g\000y}{}% 49
\BOOKMARK [1][-]{section.5.1}{\376\377\000V\000a\000l\000i\000d\000a\000t\000i\000o\000n\000\040\000S\000c\000o\000p\000e}{chapter.5}% 50
\BOOKMARK [1][-]{section.5.2}{\376\377\000V\000a\000l\000i\000d\000a\000t\000i\000o\000n\000\040\000L\000e\000v\000e\000l\000s}{chapter.5}% 51
\BOOKMARK [1][-]{section.5.3}{\376\377\000A\000c\000c\000e\000p\000t\000a\000n\000c\000e\000\040\000C\000r\000i\000t\000e\000r\000i\000a}{chapter.5}% 52
\BOOKMARK [1][-]{section.5.4}{\376\377\000F\000u\000l\000l\000\040\000E\000n\000d\000-\000t\000o\000-\000E\000n\000d\000\040\000Q\000u\000e\000s\000t\000i\000o\000n\000n\000a\000i\000r\000e}{chapter.5}% 53
\BOOKMARK [1][-]{section.5.5}{\376\377\000S\000k\000i\000l\000l\000-\000E\000x\000e\000c\000u\000t\000i\000o\000n\000\040\000a\000n\000d\000\040\000F\000a\000i\000l\000u\000r\000e\000\040\000S\000t\000r\000e\000s\000s\000\040\000T\000e\000s\000t\000i\000n\000g}{chapter.5}% 54
\BOOKMARK [1][-]{section.5.6}{\376\377\000M\000e\000t\000r\000i\000c\000s}{chapter.5}% 55
\BOOKMARK [1][-]{section.5.7}{\376\377\000M\000o\000d\000e\000l\000\040\000a\000n\000d\000\040\000C\000o\000n\000f\000i\000g\000u\000r\000a\000t\000i\000o\000n\000\040\000V\000a\000r\000i\000a\000b\000i\000l\000i\000t\000y}{chapter.5}% 56
\BOOKMARK [1][-]{section.5.8}{\376\377\000R\000e\000s\000e\000a\000r\000c\000h\000-\000Q\000u\000e\000s\000t\000i\000o\000n\000\040\000E\000v\000i\000d\000e\000n\000c\000e\000\040\000M\000a\000p}{chapter.5}% 57
\BOOKMARK [1][-]{section.5.9}{\376\377\000T\000h\000r\000e\000a\000t\000s\000\040\000t\000o\000\040\000V\000a\000l\000i\000d\000i\000t\000y}{chapter.5}% 58
\BOOKMARK [0][-]{chapter.6}{\376\377\000R\000e\000s\000u\000l\000t\000s}{}% 59
\BOOKMARK [1][-]{section.6.1}{\376\377\000F\000r\000o\000z\000e\000n\000\040\000E\000v\000i\000d\000e\000n\000c\000e\000\040\000S\000c\000o\000p\000e}{chapter.6}% 60
\BOOKMARK [1][-]{section.6.2}{\376\377\000E\000n\000d\000-\000t\000o\000-\000E\000n\000d\000\040\000Q\000u\000e\000s\000t\000i\000o\000n\000n\000a\000i\000r\000e\000\040\000A\000n\000a\000l\000y\000s\000i\000s}{chapter.6}% 61
\BOOKMARK [1][-]{section.6.3}{\376\377\000E\000n\000v\000i\000r\000o\000n\000m\000e\000n\000t\000\040\000a\000n\000d\000\040\000S\000t\000a\000t\000e\000f\000u\000l\000\040\000K\000n\000o\000w\000l\000e\000d\000g\000e\000\040\000R\000e\000s\000u\000l\000t\000s}{chapter.6}% 62
\BOOKMARK [1][-]{section.6.4}{\376\377\000S\000k\000i\000l\000l\000-\000E\000x\000e\000c\000u\000t\000i\000o\000n\000\040\000a\000n\000d\000\040\000F\000a\000i\000l\000u\000r\000e\000-\000M\000a\000n\000a\000g\000e\000m\000e\000n\000t\000\040\000R\000e\000s\000u\000l\000t\000s}{chapter.6}% 63
\BOOKMARK [1][-]{section.6.5}{\376\377\000R\000e\000p\000e\000a\000t\000e\000d\000\040\000R\000o\000b\000u\000s\000t\000n\000e\000s\000s\000\040\000a\000n\000d\000\040\000C\000a\000p\000a\000b\000i\000l\000i\000t\000y\000\040\000E\000x\000t\000r\000e\000m\000e\000s}{chapter.6}% 64
\BOOKMARK [1][-]{section.6.6}{\376\377\000M\000o\000d\000e\000l\000\040\000a\000n\000d\000\040\000B\000a\000c\000k\000e\000n\000d\000\040\000E\000v\000i\000d\000e\000n\000c\000e}{chapter.6}% 65
\BOOKMARK [1][-]{section.6.7}{\376\377\000A\000n\000s\000w\000e\000r\000s\000\040\000t\000o\000\040\000t\000h\000e\000\040\000R\000e\000s\000e\000a\000r\000c\000h\000\040\000Q\000u\000e\000s\000t\000i\000o\000n\000s}{chapter.6}% 66
\BOOKMARK [1][-]{section.6.8}{\376\377\000R\000e\000s\000u\000l\000t\000\040\000S\000u\000m\000m\000a\000r\000y}{chapter.6}% 67
\BOOKMARK [0][-]{chapter.7}{\376\377\000D\000i\000s\000c\000u\000s\000s\000i\000o\000n}{}% 68
\BOOKMARK [1][-]{section.7.1}{\376\377\000W\000h\000a\000t\000\040\000t\000h\000e\000\040\000F\000i\000n\000a\000l\000\040\000E\000v\000i\000d\000e\000n\000c\000e\000\040\000D\000e\000m\000o\000n\000s\000t\000r\000a\000t\000e\000s}{chapter.7}% 69
\BOOKMARK [1][-]{section.7.2}{\376\377\000M\000o\000d\000e\000l\000-\000I\000n\000d\000e\000p\000e\000n\000d\000e\000n\000t\000\040\000I\000n\000t\000e\000r\000f\000a\000c\000e\000s\000\040\000a\000n\000d\000\040\000M\000o\000d\000e\000l\000-\000D\000e\000p\000e\000n\000d\000e\000n\000t\000\040\000B\000e\000h\000a\000v\000i\000o\000u\000r}{chapter.7}% 70
\BOOKMARK [1][-]{section.7.3}{\376\377\000Q\000u\000e\000s\000t\000i\000o\000n\000n\000a\000i\000r\000e\000-\000L\000e\000v\000e\000l\000\040\000I\000n\000t\000e\000r\000p\000r\000e\000t\000a\000t\000i\000o\000n}{chapter.7}% 71
\BOOKMARK [1][-]{section.7.4}{\376\377\000G\000r\000o\000u\000n\000d\000i\000n\000g\000,\000\040\000R\000o\000l\000e\000s\000,\000\040\000a\000n\000d\000\040\000S\000y\000m\000b\000o\000l\000i\000c\000\040\000S\000t\000a\000t\000e}{chapter.7}% 72
\BOOKMARK [1][-]{section.7.5}{\376\377\000P\000l\000a\000n\000n\000i\000n\000g\000,\000\040\000A\000d\000m\000i\000s\000s\000i\000o\000n\000,\000\040\000a\000n\000d\000\040\000R\000e\000p\000l\000a\000n\000n\000i\000n\000g}{chapter.7}% 73
\BOOKMARK [1][-]{section.7.6}{\376\377\000A\000p\000p\000l\000i\000c\000a\000t\000i\000o\000n\000\040\000A\000b\000l\000a\000t\000i\000o\000n\000s\000\040\000a\000n\000d\000\040\000N\000o\000n\000-\000D\000e\000t\000e\000r\000m\000i\000n\000i\000s\000m}{chapter.7}% 74
\BOOKMARK [1][-]{section.7.7}{\376\377\000C\000o\000n\000t\000r\000o\000l\000l\000e\000d\000\040\000S\000k\000i\000l\000l\000\040\000A\000d\000a\000p\000t\000e\000r\000s\000,\000\040\000P\000h\000y\000s\000i\000c\000a\000l\000\040\000C\000l\000a\000i\000m\000s\000,\000\040\000a\000n\000d\000\040\000P\000o\000r\000t\000a\000b\000i\000l\000i\000t\000y}{chapter.7}% 75
\BOOKMARK [1][-]{section.7.8}{\376\377\000I\000m\000p\000l\000i\000c\000a\000t\000i\000o\000n\000s\000\040\000f\000o\000r\000\040\000t\000h\000e\000\040\000R\000e\000s\000e\000a\000r\000c\000h\000\040\000Q\000u\000e\000s\000t\000i\000o\000n\000s}{chapter.7}% 76
\BOOKMARK [0][-]{chapter.8}{\376\377\000L\000i\000m\000i\000t\000a\000t\000i\000o\000n\000s\000\040\000a\000n\000d\000\040\000F\000u\000t\000u\000r\000e\000\040\000W\000o\000r\000k}{}% 77
\BOOKMARK [1][-]{section.8.1}{\376\377\000C\000u\000r\000r\000e\000n\000t\000\040\000L\000i\000m\000i\000t\000a\000t\000i\000o\000n\000s}{chapter.8}% 78
\BOOKMARK [1][-]{section.8.2}{\376\377\000F\000u\000t\000u\000r\000e\000\040\000W\000o\000r\000k}{chapter.8}% 79
\BOOKMARK [2][-]{subsection.8.2.1}{\376\377\000M\000o\000d\000e\000l\000\040\000C\000o\000u\000p\000l\000i\000n\000g\000\040\000a\000n\000d\000\040\000Q\000u\000a\000l\000i\000f\000i\000c\000a\000t\000i\000o\000n}{section.8.2}% 80
\BOOKMARK [2][-]{subsection.8.2.2}{\376\377\000D\000e\000t\000e\000r\000m\000i\000n\000i\000s\000t\000i\000c\000\040\000S\000e\000m\000a\000n\000t\000i\000c\000\040\000G\000u\000a\000r\000d\000s}{section.8.2}% 81
\BOOKMARK [2][-]{subsection.8.2.3}{\376\377\000B\000r\000o\000a\000d\000e\000r\000\040\000E\000m\000b\000o\000d\000i\000e\000d\000\040\000V\000a\000l\000i\000d\000a\000t\000i\000o\000n}{section.8.2}% 82
\BOOKMARK [2][-]{subsection.8.2.4}{\376\377\000E\000v\000i\000d\000e\000n\000c\000e\000\040\000a\000n\000d\000\040\000R\000e\000p\000r\000o\000d\000u\000c\000i\000b\000i\000l\000i\000t\000y}{section.8.2}% 83
\BOOKMARK [0][-]{chapter.9}{\376\377\000C\000o\000n\000c\000l\000u\000s\000i\000o\000n}{}% 84
\BOOKMARK [0][-]{appendix.A}{\376\377\000F\000u\000l\000l\000\040\000R\000u\000n\000t\000i\000m\000e\000\040\000C\000o\000n\000t\000r\000a\000c\000t\000s}{}% 85
\BOOKMARK [1][-]{section.A.1}{\376\377\000R\000u\000n\000t\000i\000m\000e\000\040\000S\000k\000i\000l\000l\000\040\000I\000n\000v\000e\000n\000t\000o\000r\000y}{appendix.A}% 86
\BOOKMARK [0][-]{appendix.B}{\376\377\000L\000a\000u\000n\000c\000h\000\040\000C\000o\000m\000m\000a\000n\000d\000s}{}% 87
\BOOKMARK [0][-]{appendix.C}{\376\377\000V\000a\000l\000i\000d\000a\000t\000i\000o\000n\000\040\000L\000o\000g\000\040\000T\000e\000m\000p\000l\000a\000t\000e}{}% 88
\BOOKMARK [0][-]{appendix.D}{\376\377\000F\000i\000n\000a\000l\000\040\000E\000v\000a\000l\000u\000a\000t\000i\000o\000n\000\040\000D\000a\000t\000a\000s\000e\000t}{}% 89
\BOOKMARK [1][-]{section.D.1}{\376\377\000D\000a\000t\000a\000s\000e\000t\000\040\000S\000c\000o\000p\000e\000\040\000a\000n\000d\000\040\000A\000t\000t\000a\000c\000h\000m\000e\000n\000t}{appendix.D}% 90
\BOOKMARK [1][-]{section.D.2}{\376\377\000R\000u\000n\000\040\000I\000n\000v\000e\000n\000t\000o\000r\000y}{appendix.D}% 91
\BOOKMARK [1][-]{section.D.3}{\376\377\000F\000i\000e\000l\000d\000\040\000D\000i\000c\000t\000i\000o\000n\000a\000r\000y}{appendix.D}% 92
\BOOKMARK [1][-]{section.D.4}{\376\377\000E\000v\000i\000d\000e\000n\000c\000e\000\040\000I\000n\000t\000e\000g\000r\000i\000t\000y}{appendix.D}% 93
\BOOKMARK [1][-]{section.D.5}{\376\377\000C\000o\000m\000p\000l\000e\000t\000e\000\040\000C\000a\000s\000e\000\040\000I\000n\000d\000e\000x}{appendix.D}% 94
\BOOKMARK [0][-]{section*.41}{\376\377\000B\000i\000b\000l\000i\000o\000g\000r\000a\000p\000h\000y}{}% 95
